// Jest Snapshot v1, https://goo.gl/fbAQLP

exports[`Comportamiento por defecto 1`] = `
<div>
  404 - Page No Found
</div>
`;
